Archive member included to satisfy reference by file (symbol)

c:/program files (x86)/gnu tools arm embedded/9 2019-q4-major/bin/../lib/gcc/arm-none-eabi/9.2.1/../../../../arm-none-eabi/lib/thumb/v7e-m+fp/hard\libc_nano.a(lib_a-exit.o)
                              c:/program files (x86)/gnu tools arm embedded/9 2019-q4-major/bin/../lib/gcc/arm-none-eabi/9.2.1/../../../../arm-none-eabi/lib/thumb/v7e-m+fp/hard/crt0.o (exit)
c:/program files (x86)/gnu tools arm embedded/9 2019-q4-major/bin/../lib/gcc/arm-none-eabi/9.2.1/../../../../arm-none-eabi/lib/thumb/v7e-m+fp/hard\libc_nano.a(lib_a-impure.o)
                              c:/program files (x86)/gnu tools arm embedded/9 2019-q4-major/bin/../lib/gcc/arm-none-eabi/9.2.1/../../../../arm-none-eabi/lib/thumb/v7e-m+fp/hard\libc_nano.a(lib_a-exit.o) (_global_impure_ptr)
c:/program files (x86)/gnu tools arm embedded/9 2019-q4-major/bin/../lib/gcc/arm-none-eabi/9.2.1/../../../../arm-none-eabi/lib/thumb/v7e-m+fp/hard\libc_nano.a(lib_a-init.o)
                              c:/program files (x86)/gnu tools arm embedded/9 2019-q4-major/bin/../lib/gcc/arm-none-eabi/9.2.1/../../../../arm-none-eabi/lib/thumb/v7e-m+fp/hard/crt0.o (__libc_init_array)
c:/program files (x86)/gnu tools arm embedded/9 2019-q4-major/bin/../lib/gcc/arm-none-eabi/9.2.1/../../../../arm-none-eabi/lib/thumb/v7e-m+fp/hard\libc_nano.a(lib_a-memset.o)
                              c:/program files (x86)/gnu tools arm embedded/9 2019-q4-major/bin/../lib/gcc/arm-none-eabi/9.2.1/../../../../arm-none-eabi/lib/thumb/v7e-m+fp/hard/crt0.o (memset)
c:/program files (x86)/gnu tools arm embedded/9 2019-q4-major/bin/../lib/gcc/arm-none-eabi/9.2.1/../../../../arm-none-eabi/lib/thumb/v7e-m+fp/hard\libnosys.a(_exit.o)
                              c:/program files (x86)/gnu tools arm embedded/9 2019-q4-major/bin/../lib/gcc/arm-none-eabi/9.2.1/../../../../arm-none-eabi/lib/thumb/v7e-m+fp/hard\libc_nano.a(lib_a-exit.o) (_exit)

Discarded input sections

 .text          0x00000000        0x0 c:/program files (x86)/gnu tools arm embedded/9 2019-q4-major/bin/../lib/gcc/arm-none-eabi/9.2.1/thumb/v7e-m+fp/hard/crti.o
 .data          0x00000000        0x0 c:/program files (x86)/gnu tools arm embedded/9 2019-q4-major/bin/../lib/gcc/arm-none-eabi/9.2.1/thumb/v7e-m+fp/hard/crti.o
 .bss           0x00000000        0x0 c:/program files (x86)/gnu tools arm embedded/9 2019-q4-major/bin/../lib/gcc/arm-none-eabi/9.2.1/thumb/v7e-m+fp/hard/crti.o
 .data          0x00000000        0x4 c:/program files (x86)/gnu tools arm embedded/9 2019-q4-major/bin/../lib/gcc/arm-none-eabi/9.2.1/thumb/v7e-m+fp/hard/crtbegin.o
 .text          0x00000000       0x74 c:/program files (x86)/gnu tools arm embedded/9 2019-q4-major/bin/../lib/gcc/arm-none-eabi/9.2.1/../../../../arm-none-eabi/lib/thumb/v7e-m+fp/hard/crt0.o
 .data          0x00000000        0x0 c:/program files (x86)/gnu tools arm embedded/9 2019-q4-major/bin/../lib/gcc/arm-none-eabi/9.2.1/../../../../arm-none-eabi/lib/thumb/v7e-m+fp/hard/crt0.o
 .bss           0x00000000        0x0 c:/program files (x86)/gnu tools arm embedded/9 2019-q4-major/bin/../lib/gcc/arm-none-eabi/9.2.1/../../../../arm-none-eabi/lib/thumb/v7e-m+fp/hard/crt0.o
 .ARM.extab     0x00000000        0x0 c:/program files (x86)/gnu tools arm embedded/9 2019-q4-major/bin/../lib/gcc/arm-none-eabi/9.2.1/../../../../arm-none-eabi/lib/thumb/v7e-m+fp/hard/crt0.o
 .ARM.exidx     0x00000000        0x8 c:/program files (x86)/gnu tools arm embedded/9 2019-q4-major/bin/../lib/gcc/arm-none-eabi/9.2.1/../../../../arm-none-eabi/lib/thumb/v7e-m+fp/hard/crt0.o
 .ARM.attributes
                0x00000000       0x1c c:/program files (x86)/gnu tools arm embedded/9 2019-q4-major/bin/../lib/gcc/arm-none-eabi/9.2.1/../../../../arm-none-eabi/lib/thumb/v7e-m+fp/hard/crt0.o
 .text          0x00000000        0x0 main.obj
 .data          0x00000000        0x0 main.obj
 .bss           0x00000000        0x0 main.obj
 .text.assert_failed
                0x00000000        0xc main.obj
 .text          0x00000000        0x0 src\stm32l4xx_it.obj
 .data          0x00000000        0x0 src\stm32l4xx_it.obj
 .bss           0x00000000        0x0 src\stm32l4xx_it.obj
 .text          0x00000000       0x14 C:\Users\erhan\AppData\Local\Temp\cci6jz3a.o
 .data          0x00000000        0x0 C:\Users\erhan\AppData\Local\Temp\cci6jz3a.o
 .bss           0x00000000        0x0 C:\Users\erhan\AppData\Local\Temp\cci6jz3a.o
 .text          0x00000000        0x0 src\system_stm32l4xx.obj
 .data          0x00000000        0x0 src\system_stm32l4xx.obj
 .bss           0x00000000        0x0 src\system_stm32l4xx.obj
 .data.SystemCoreClock
                0x00000000        0x4 src\system_stm32l4xx.obj
 .rodata.AHBPrescTable
                0x00000000       0x10 src\system_stm32l4xx.obj
 .rodata.APBPrescTable
                0x00000000        0x8 src\system_stm32l4xx.obj
 .rodata.MSIRangeTable
                0x00000000       0x30 src\system_stm32l4xx.obj
 .text.SystemCoreClockUpdate
                0x00000000      0x174 src\system_stm32l4xx.obj
 .text          0x00000000        0x0 c:/program files (x86)/gnu tools arm embedded/9 2019-q4-major/bin/../lib/gcc/arm-none-eabi/9.2.1/../../../../arm-none-eabi/lib/thumb/v7e-m+fp/hard\libc_nano.a(lib_a-exit.o)
 .data          0x00000000        0x0 c:/program files (x86)/gnu tools arm embedded/9 2019-q4-major/bin/../lib/gcc/arm-none-eabi/9.2.1/../../../../arm-none-eabi/lib/thumb/v7e-m+fp/hard\libc_nano.a(lib_a-exit.o)
 .bss           0x00000000        0x0 c:/program files (x86)/gnu tools arm embedded/9 2019-q4-major/bin/../lib/gcc/arm-none-eabi/9.2.1/../../../../arm-none-eabi/lib/thumb/v7e-m+fp/hard\libc_nano.a(lib_a-exit.o)
 .text.exit     0x00000000       0x28 c:/program files (x86)/gnu tools arm embedded/9 2019-q4-major/bin/../lib/gcc/arm-none-eabi/9.2.1/../../../../arm-none-eabi/lib/thumb/v7e-m+fp/hard\libc_nano.a(lib_a-exit.o)
 .debug_frame   0x00000000       0x28 c:/program files (x86)/gnu tools arm embedded/9 2019-q4-major/bin/../lib/gcc/arm-none-eabi/9.2.1/../../../../arm-none-eabi/lib/thumb/v7e-m+fp/hard\libc_nano.a(lib_a-exit.o)
 .ARM.attributes
                0x00000000       0x34 c:/program files (x86)/gnu tools arm embedded/9 2019-q4-major/bin/../lib/gcc/arm-none-eabi/9.2.1/../../../../arm-none-eabi/lib/thumb/v7e-m+fp/hard\libc_nano.a(lib_a-exit.o)
 .text          0x00000000        0x0 c:/program files (x86)/gnu tools arm embedded/9 2019-q4-major/bin/../lib/gcc/arm-none-eabi/9.2.1/../../../../arm-none-eabi/lib/thumb/v7e-m+fp/hard\libc_nano.a(lib_a-impure.o)
 .data          0x00000000        0x0 c:/program files (x86)/gnu tools arm embedded/9 2019-q4-major/bin/../lib/gcc/arm-none-eabi/9.2.1/../../../../arm-none-eabi/lib/thumb/v7e-m+fp/hard\libc_nano.a(lib_a-impure.o)
 .bss           0x00000000        0x0 c:/program files (x86)/gnu tools arm embedded/9 2019-q4-major/bin/../lib/gcc/arm-none-eabi/9.2.1/../../../../arm-none-eabi/lib/thumb/v7e-m+fp/hard\libc_nano.a(lib_a-impure.o)
 .data._impure_ptr
                0x00000000        0x4 c:/program files (x86)/gnu tools arm embedded/9 2019-q4-major/bin/../lib/gcc/arm-none-eabi/9.2.1/../../../../arm-none-eabi/lib/thumb/v7e-m+fp/hard\libc_nano.a(lib_a-impure.o)
 .data.impure_data
                0x00000000       0x60 c:/program files (x86)/gnu tools arm embedded/9 2019-q4-major/bin/../lib/gcc/arm-none-eabi/9.2.1/../../../../arm-none-eabi/lib/thumb/v7e-m+fp/hard\libc_nano.a(lib_a-impure.o)
 .rodata._global_impure_ptr
                0x00000000        0x4 c:/program files (x86)/gnu tools arm embedded/9 2019-q4-major/bin/../lib/gcc/arm-none-eabi/9.2.1/../../../../arm-none-eabi/lib/thumb/v7e-m+fp/hard\libc_nano.a(lib_a-impure.o)
 .ARM.attributes
                0x00000000       0x32 c:/program files (x86)/gnu tools arm embedded/9 2019-q4-major/bin/../lib/gcc/arm-none-eabi/9.2.1/../../../../arm-none-eabi/lib/thumb/v7e-m+fp/hard\libc_nano.a(lib_a-impure.o)
 .text          0x00000000        0x0 c:/program files (x86)/gnu tools arm embedded/9 2019-q4-major/bin/../lib/gcc/arm-none-eabi/9.2.1/../../../../arm-none-eabi/lib/thumb/v7e-m+fp/hard\libc_nano.a(lib_a-init.o)
 .data          0x00000000        0x0 c:/program files (x86)/gnu tools arm embedded/9 2019-q4-major/bin/../lib/gcc/arm-none-eabi/9.2.1/../../../../arm-none-eabi/lib/thumb/v7e-m+fp/hard\libc_nano.a(lib_a-init.o)
 .bss           0x00000000        0x0 c:/program files (x86)/gnu tools arm embedded/9 2019-q4-major/bin/../lib/gcc/arm-none-eabi/9.2.1/../../../../arm-none-eabi/lib/thumb/v7e-m+fp/hard\libc_nano.a(lib_a-init.o)
 .text          0x00000000        0x0 c:/program files (x86)/gnu tools arm embedded/9 2019-q4-major/bin/../lib/gcc/arm-none-eabi/9.2.1/../../../../arm-none-eabi/lib/thumb/v7e-m+fp/hard\libc_nano.a(lib_a-memset.o)
 .data          0x00000000        0x0 c:/program files (x86)/gnu tools arm embedded/9 2019-q4-major/bin/../lib/gcc/arm-none-eabi/9.2.1/../../../../arm-none-eabi/lib/thumb/v7e-m+fp/hard\libc_nano.a(lib_a-memset.o)
 .bss           0x00000000        0x0 c:/program files (x86)/gnu tools arm embedded/9 2019-q4-major/bin/../lib/gcc/arm-none-eabi/9.2.1/../../../../arm-none-eabi/lib/thumb/v7e-m+fp/hard\libc_nano.a(lib_a-memset.o)
 .text.memset   0x00000000       0x10 c:/program files (x86)/gnu tools arm embedded/9 2019-q4-major/bin/../lib/gcc/arm-none-eabi/9.2.1/../../../../arm-none-eabi/lib/thumb/v7e-m+fp/hard\libc_nano.a(lib_a-memset.o)
 .debug_frame   0x00000000       0x20 c:/program files (x86)/gnu tools arm embedded/9 2019-q4-major/bin/../lib/gcc/arm-none-eabi/9.2.1/../../../../arm-none-eabi/lib/thumb/v7e-m+fp/hard\libc_nano.a(lib_a-memset.o)
 .ARM.attributes
                0x00000000       0x34 c:/program files (x86)/gnu tools arm embedded/9 2019-q4-major/bin/../lib/gcc/arm-none-eabi/9.2.1/../../../../arm-none-eabi/lib/thumb/v7e-m+fp/hard\libc_nano.a(lib_a-memset.o)
 .text          0x00000000        0x0 c:/program files (x86)/gnu tools arm embedded/9 2019-q4-major/bin/../lib/gcc/arm-none-eabi/9.2.1/../../../../arm-none-eabi/lib/thumb/v7e-m+fp/hard\libnosys.a(_exit.o)
 .data          0x00000000        0x0 c:/program files (x86)/gnu tools arm embedded/9 2019-q4-major/bin/../lib/gcc/arm-none-eabi/9.2.1/../../../../arm-none-eabi/lib/thumb/v7e-m+fp/hard\libnosys.a(_exit.o)
 .bss           0x00000000        0x0 c:/program files (x86)/gnu tools arm embedded/9 2019-q4-major/bin/../lib/gcc/arm-none-eabi/9.2.1/../../../../arm-none-eabi/lib/thumb/v7e-m+fp/hard\libnosys.a(_exit.o)
 .text._exit    0x00000000        0x4 c:/program files (x86)/gnu tools arm embedded/9 2019-q4-major/bin/../lib/gcc/arm-none-eabi/9.2.1/../../../../arm-none-eabi/lib/thumb/v7e-m+fp/hard\libnosys.a(_exit.o)
 .debug_frame   0x00000000       0x20 c:/program files (x86)/gnu tools arm embedded/9 2019-q4-major/bin/../lib/gcc/arm-none-eabi/9.2.1/../../../../arm-none-eabi/lib/thumb/v7e-m+fp/hard\libnosys.a(_exit.o)
 .ARM.attributes
                0x00000000       0x34 c:/program files (x86)/gnu tools arm embedded/9 2019-q4-major/bin/../lib/gcc/arm-none-eabi/9.2.1/../../../../arm-none-eabi/lib/thumb/v7e-m+fp/hard\libnosys.a(_exit.o)
 .text          0x00000000        0x0 c:/program files (x86)/gnu tools arm embedded/9 2019-q4-major/bin/../lib/gcc/arm-none-eabi/9.2.1/thumb/v7e-m+fp/hard/crtend.o
 .data          0x00000000        0x0 c:/program files (x86)/gnu tools arm embedded/9 2019-q4-major/bin/../lib/gcc/arm-none-eabi/9.2.1/thumb/v7e-m+fp/hard/crtend.o
 .bss           0x00000000        0x0 c:/program files (x86)/gnu tools arm embedded/9 2019-q4-major/bin/../lib/gcc/arm-none-eabi/9.2.1/thumb/v7e-m+fp/hard/crtend.o
 .eh_frame      0x00000000        0x4 c:/program files (x86)/gnu tools arm embedded/9 2019-q4-major/bin/../lib/gcc/arm-none-eabi/9.2.1/thumb/v7e-m+fp/hard/crtend.o
 .ARM.attributes
                0x00000000       0x32 c:/program files (x86)/gnu tools arm embedded/9 2019-q4-major/bin/../lib/gcc/arm-none-eabi/9.2.1/thumb/v7e-m+fp/hard/crtend.o
 .text          0x00000000        0x0 c:/program files (x86)/gnu tools arm embedded/9 2019-q4-major/bin/../lib/gcc/arm-none-eabi/9.2.1/thumb/v7e-m+fp/hard/crtn.o
 .data          0x00000000        0x0 c:/program files (x86)/gnu tools arm embedded/9 2019-q4-major/bin/../lib/gcc/arm-none-eabi/9.2.1/thumb/v7e-m+fp/hard/crtn.o
 .bss           0x00000000        0x0 c:/program files (x86)/gnu tools arm embedded/9 2019-q4-major/bin/../lib/gcc/arm-none-eabi/9.2.1/thumb/v7e-m+fp/hard/crtn.o

Memory Configuration

Name             Origin             Length             Attributes
RAM              0x20000000         0x00018000         xrw
SRAM2            0x10000000         0x00008000         xrw
FLASH            0x08000000         0x00100000         xr
*default*        0x00000000         0xffffffff

Linker script and memory map

LOAD c:/program files (x86)/gnu tools arm embedded/9 2019-q4-major/bin/../lib/gcc/arm-none-eabi/9.2.1/thumb/v7e-m+fp/hard/crti.o
LOAD c:/program files (x86)/gnu tools arm embedded/9 2019-q4-major/bin/../lib/gcc/arm-none-eabi/9.2.1/thumb/v7e-m+fp/hard/crtbegin.o
LOAD c:/program files (x86)/gnu tools arm embedded/9 2019-q4-major/bin/../lib/gcc/arm-none-eabi/9.2.1/../../../../arm-none-eabi/lib/thumb/v7e-m+fp/hard/crt0.o
                0x00000080                malloc_getpagesize_P = 0x80
START GROUP
END GROUP
LOAD main.obj
LOAD src\stm32l4xx_it.obj
LOAD C:\Users\erhan\AppData\Local\Temp\cci6jz3a.o
LOAD src\system_stm32l4xx.obj
LOAD c:/program files (x86)/gnu tools arm embedded/9 2019-q4-major/bin/../lib/gcc/arm-none-eabi/9.2.1/../../../../arm-none-eabi/lib/thumb/v7e-m+fp/hard\libstdc++_nano.a
LOAD c:/program files (x86)/gnu tools arm embedded/9 2019-q4-major/bin/../lib/gcc/arm-none-eabi/9.2.1/../../../../arm-none-eabi/lib/thumb/v7e-m+fp/hard\libm.a
LOAD c:/program files (x86)/gnu tools arm embedded/9 2019-q4-major/bin/../lib/gcc/arm-none-eabi/9.2.1/../../../../arm-none-eabi/lib/thumb/v7e-m+fp/hard\libc_nano.a
START GROUP
LOAD c:/program files (x86)/gnu tools arm embedded/9 2019-q4-major/bin/../lib/gcc/arm-none-eabi/9.2.1/thumb/v7e-m+fp/hard\libgcc.a
LOAD c:/program files (x86)/gnu tools arm embedded/9 2019-q4-major/bin/../lib/gcc/arm-none-eabi/9.2.1/../../../../arm-none-eabi/lib/thumb/v7e-m+fp/hard\libc_nano.a
END GROUP
START GROUP
LOAD c:/program files (x86)/gnu tools arm embedded/9 2019-q4-major/bin/../lib/gcc/arm-none-eabi/9.2.1/thumb/v7e-m+fp/hard\libgcc.a
LOAD c:/program files (x86)/gnu tools arm embedded/9 2019-q4-major/bin/../lib/gcc/arm-none-eabi/9.2.1/../../../../arm-none-eabi/lib/thumb/v7e-m+fp/hard\libc_nano.a
LOAD c:/program files (x86)/gnu tools arm embedded/9 2019-q4-major/bin/../lib/gcc/arm-none-eabi/9.2.1/../../../../arm-none-eabi/lib/thumb/v7e-m+fp/hard\libnosys.a
END GROUP
START GROUP
LOAD c:/program files (x86)/gnu tools arm embedded/9 2019-q4-major/bin/../lib/gcc/arm-none-eabi/9.2.1/thumb/v7e-m+fp/hard\libgcc.a
LOAD c:/program files (x86)/gnu tools arm embedded/9 2019-q4-major/bin/../lib/gcc/arm-none-eabi/9.2.1/../../../../arm-none-eabi/lib/thumb/v7e-m+fp/hard\libc_nano.a
LOAD c:/program files (x86)/gnu tools arm embedded/9 2019-q4-major/bin/../lib/gcc/arm-none-eabi/9.2.1/../../../../arm-none-eabi/lib/thumb/v7e-m+fp/hard\libnosys.a
END GROUP
LOAD c:/program files (x86)/gnu tools arm embedded/9 2019-q4-major/bin/../lib/gcc/arm-none-eabi/9.2.1/thumb/v7e-m+fp/hard/crtend.o
LOAD c:/program files (x86)/gnu tools arm embedded/9 2019-q4-major/bin/../lib/gcc/arm-none-eabi/9.2.1/thumb/v7e-m+fp/hard/crtn.o
                0x20018000                _estack = 0x20018000
                0x00000200                _Min_Heap_Size = 0x200
                0x00000400                _Min_Stack_Size = 0x400

.isr_vector     0x08000000      0x188
                0x08000000                . = ALIGN (0x8)
 *(.isr_vector)
 .isr_vector    0x08000000      0x188 C:\Users\erhan\AppData\Local\Temp\cci6jz3a.o
                0x08000000                g_pfnVectors
                0x08000188                . = ALIGN (0x8)

.text           0x08000188      0x290
                0x08000188                . = ALIGN (0x8)
 *(.text)
 .text          0x08000188       0x40 c:/program files (x86)/gnu tools arm embedded/9 2019-q4-major/bin/../lib/gcc/arm-none-eabi/9.2.1/thumb/v7e-m+fp/hard/crtbegin.o
 *(.text*)
 .text.LL_AHB2_GRP1_EnableClock
                0x080001c8       0x30 main.obj
 .text.LL_GPIO_SetPinMode
                0x080001f8       0x5e main.obj
 .text.LL_GPIO_SetOutputPin
                0x08000256       0x1c main.obj
 .text.main     0x08000272       0x22 main.obj
                0x08000272                main
 .text.NMI_Handler
                0x08000294        0xe src\stm32l4xx_it.obj
                0x08000294                NMI_Handler
 .text.HardFault_Handler
                0x080002a2        0x6 src\stm32l4xx_it.obj
                0x080002a2                HardFault_Handler
 .text.MemManage_Handler
                0x080002a8        0x6 src\stm32l4xx_it.obj
                0x080002a8                MemManage_Handler
 .text.BusFault_Handler
                0x080002ae        0x6 src\stm32l4xx_it.obj
                0x080002ae                BusFault_Handler
 .text.UsageFault_Handler
                0x080002b4        0x6 src\stm32l4xx_it.obj
                0x080002b4                UsageFault_Handler
 .text.SVC_Handler
                0x080002ba        0xe src\stm32l4xx_it.obj
                0x080002ba                SVC_Handler
 .text.DebugMon_Handler
                0x080002c8        0xe src\stm32l4xx_it.obj
                0x080002c8                DebugMon_Handler
 .text.PendSV_Handler
                0x080002d6        0xe src\stm32l4xx_it.obj
                0x080002d6                PendSV_Handler
 .text.SysTick_Handler
                0x080002e4        0xe src\stm32l4xx_it.obj
                0x080002e4                SysTick_Handler
 *fill*         0x080002f2        0x2 
 .text.Reset_Handler
                0x080002f4       0x50 C:\Users\erhan\AppData\Local\Temp\cci6jz3a.o
                0x080002f4                Reset_Handler
 .text.Default_Handler
                0x08000344        0x2 C:\Users\erhan\AppData\Local\Temp\cci6jz3a.o
                0x08000344                RTC_Alarm_IRQHandler
                0x08000344                EXTI2_IRQHandler
                0x08000344                TIM8_TRG_COM_IRQHandler
                0x08000344                TIM8_CC_IRQHandler
                0x08000344                TIM1_CC_IRQHandler
                0x08000344                TSC_IRQHandler
                0x08000344                TAMP_STAMP_IRQHandler
                0x08000344                EXTI3_IRQHandler
                0x08000344                LPTIM2_IRQHandler
                0x08000344                DFSDM1_FLT1_IRQHandler
                0x08000344                I2C3_ER_IRQHandler
                0x08000344                DFSDM1_FLT2_IRQHandler
                0x08000344                EXTI0_IRQHandler
                0x08000344                I2C2_EV_IRQHandler
                0x08000344                CAN1_RX0_IRQHandler
                0x08000344                FPU_IRQHandler
                0x08000344                TIM1_UP_TIM16_IRQHandler
                0x08000344                ADC1_2_IRQHandler
                0x08000344                SPI1_IRQHandler
                0x08000344                TIM6_DAC_IRQHandler
                0x08000344                TIM8_UP_IRQHandler
                0x08000344                DMA2_Channel2_IRQHandler
                0x08000344                DMA1_Channel4_IRQHandler
                0x08000344                SAI2_IRQHandler
                0x08000344                DFSDM1_FLT3_IRQHandler
                0x08000344                USART3_IRQHandler
                0x08000344                DMA1_Channel7_IRQHandler
                0x08000344                CAN1_RX1_IRQHandler
                0x08000344                LCD_IRQHandler
                0x08000344                UART5_IRQHandler
                0x08000344                ADC3_IRQHandler
                0x08000344                TIM4_IRQHandler
                0x08000344                DMA2_Channel1_IRQHandler
                0x08000344                QUADSPI_IRQHandler
                0x08000344                I2C1_EV_IRQHandler
                0x08000344                DMA1_Channel6_IRQHandler
                0x08000344                UART4_IRQHandler
                0x08000344                DMA2_Channel4_IRQHandler
                0x08000344                TIM3_IRQHandler
                0x08000344                RCC_IRQHandler
                0x08000344                DMA1_Channel1_IRQHandler
                0x08000344                Default_Handler
                0x08000344                DMA2_Channel7_IRQHandler
                0x08000344                EXTI15_10_IRQHandler
                0x08000344                TIM7_IRQHandler
                0x08000344                SDMMC1_IRQHandler
                0x08000344                TIM5_IRQHandler
                0x08000344                I2C3_EV_IRQHandler
                0x08000344                EXTI9_5_IRQHandler
                0x08000344                RTC_WKUP_IRQHandler
                0x08000344                PVD_PVM_IRQHandler
                0x08000344                SPI2_IRQHandler
                0x08000344                CAN1_TX_IRQHandler
                0x08000344                DMA2_Channel5_IRQHandler
                0x08000344                DMA1_Channel5_IRQHandler
                0x08000344                EXTI4_IRQHandler
                0x08000344                RNG_IRQHandler
                0x08000344                TIM1_TRG_COM_TIM17_IRQHandler
                0x08000344                DMA1_Channel3_IRQHandler
                0x08000344                COMP_IRQHandler
                0x08000344                WWDG_IRQHandler
                0x08000344                LPUART1_IRQHandler
                0x08000344                DMA2_Channel6_IRQHandler
                0x08000344                TIM2_IRQHandler
                0x08000344                EXTI1_IRQHandler
                0x08000344                USART2_IRQHandler
                0x08000344                DFSDM1_FLT0_IRQHandler
                0x08000344                I2C2_ER_IRQHandler
                0x08000344                DMA1_Channel2_IRQHandler
                0x08000344                TIM8_BRK_IRQHandler
                0x08000344                CAN1_SCE_IRQHandler
                0x08000344                FLASH_IRQHandler
                0x08000344                USART1_IRQHandler
                0x08000344                OTG_FS_IRQHandler
                0x08000344                SPI3_IRQHandler
                0x08000344                I2C1_ER_IRQHandler
                0x08000344                FMC_IRQHandler
                0x08000344                SWPMI1_IRQHandler
                0x08000344                LPTIM1_IRQHandler
                0x08000344                SAI1_IRQHandler
                0x08000344                DMA2_Channel3_IRQHandler
                0x08000344                TIM1_BRK_TIM15_IRQHandler
 *fill*         0x08000346        0x2 
 .text.SystemInit
                0x08000348       0x6c src\system_stm32l4xx.obj
                0x08000348                SystemInit
 .text.__libc_init_array
                0x080003b4       0x48 c:/program files (x86)/gnu tools arm embedded/9 2019-q4-major/bin/../lib/gcc/arm-none-eabi/9.2.1/../../../../arm-none-eabi/lib/thumb/v7e-m+fp/hard\libc_nano.a(lib_a-init.o)
                0x080003b4                __libc_init_array
 *(.glue_7)
 .glue_7        0x080003fc        0x0 linker stubs
 *(.glue_7t)
 .glue_7t       0x080003fc        0x0 linker stubs
 *(.eh_frame)
 .eh_frame      0x080003fc        0x0 c:/program files (x86)/gnu tools arm embedded/9 2019-q4-major/bin/../lib/gcc/arm-none-eabi/9.2.1/thumb/v7e-m+fp/hard/crtbegin.o
 *(.init)
 .init          0x080003fc        0x4 c:/program files (x86)/gnu tools arm embedded/9 2019-q4-major/bin/../lib/gcc/arm-none-eabi/9.2.1/thumb/v7e-m+fp/hard/crti.o
                0x080003fc                _init
 .init          0x08000400        0x8 c:/program files (x86)/gnu tools arm embedded/9 2019-q4-major/bin/../lib/gcc/arm-none-eabi/9.2.1/thumb/v7e-m+fp/hard/crtn.o
 *(.fini)
 .fini          0x08000408        0x4 c:/program files (x86)/gnu tools arm embedded/9 2019-q4-major/bin/../lib/gcc/arm-none-eabi/9.2.1/thumb/v7e-m+fp/hard/crti.o
                0x08000408                _fini
 .fini          0x0800040c        0x8 c:/program files (x86)/gnu tools arm embedded/9 2019-q4-major/bin/../lib/gcc/arm-none-eabi/9.2.1/thumb/v7e-m+fp/hard/crtn.o
                0x08000418                . = ALIGN (0x8)
 *fill*         0x08000414        0x4 
                0x08000418                _etext = .

.vfp11_veneer   0x08000418        0x0
 .vfp11_veneer  0x08000418        0x0 linker stubs

.v4_bx          0x08000418        0x0
 .v4_bx         0x08000418        0x0 linker stubs

.iplt           0x08000418        0x0
 .iplt          0x08000418        0x0 c:/program files (x86)/gnu tools arm embedded/9 2019-q4-major/bin/../lib/gcc/arm-none-eabi/9.2.1/thumb/v7e-m+fp/hard/crtbegin.o

.rel.dyn        0x08000418        0x0
 .rel.iplt      0x08000418        0x0 c:/program files (x86)/gnu tools arm embedded/9 2019-q4-major/bin/../lib/gcc/arm-none-eabi/9.2.1/thumb/v7e-m+fp/hard/crtbegin.o

.rodata         0x08000418        0x0
                0x08000418                . = ALIGN (0x8)
 *(.rodata)
 *(.rodata*)
                0x08000418                . = ALIGN (0x8)

.ARM.extab      0x08000418        0x0
                0x08000418                . = ALIGN (0x8)
 *(.ARM.extab* .gnu.linkonce.armextab.*)
                0x08000418                . = ALIGN (0x8)

.ARM            0x08000418        0x0
                0x08000418                . = ALIGN (0x8)
                0x08000418                __exidx_start = .
 *(.ARM.exidx*)
                0x08000418                __exidx_end = .
                0x08000418                . = ALIGN (0x8)

.preinit_array  0x08000418        0x0
                0x08000418                . = ALIGN (0x8)
                0x08000418                PROVIDE (__preinit_array_start = .)
 *(.preinit_array*)
                0x08000418                PROVIDE (__preinit_array_end = .)
                0x08000418                . = ALIGN (0x8)

.init_array     0x08000418        0x8
                0x08000418                . = ALIGN (0x8)
                0x08000418                PROVIDE (__init_array_start = .)
 *(SORT_BY_NAME(.init_array.*))
 *(.init_array*)
 .init_array    0x08000418        0x4 c:/program files (x86)/gnu tools arm embedded/9 2019-q4-major/bin/../lib/gcc/arm-none-eabi/9.2.1/thumb/v7e-m+fp/hard/crtbegin.o
                0x0800041c                PROVIDE (__init_array_end = .)
                0x08000420                . = ALIGN (0x8)
 *fill*         0x0800041c        0x4 

.fini_array     0x08000420        0x8
                0x08000420                . = ALIGN (0x8)
                [!provide]                PROVIDE (__fini_array_start = .)
 *(SORT_BY_NAME(.fini_array.*))
 *(.fini_array*)
 .fini_array    0x08000420        0x4 c:/program files (x86)/gnu tools arm embedded/9 2019-q4-major/bin/../lib/gcc/arm-none-eabi/9.2.1/thumb/v7e-m+fp/hard/crtbegin.o
                [!provide]                PROVIDE (__fini_array_end = .)
                0x08000428                . = ALIGN (0x8)
 *fill*         0x08000424        0x4 
                0x08000428                _sidata = LOADADDR (.data)

.data           0x20000000        0x0 load address 0x08000428
                0x20000000                . = ALIGN (0x8)
                0x20000000                _sdata = .
 *(.data)
 *(.data*)
                0x20000000                . = ALIGN (0x8)
                0x20000000                _edata = .

.igot.plt       0x20000000        0x0 load address 0x08000428
 .igot.plt      0x20000000        0x0 c:/program files (x86)/gnu tools arm embedded/9 2019-q4-major/bin/../lib/gcc/arm-none-eabi/9.2.1/thumb/v7e-m+fp/hard/crtbegin.o
                0x20000000                . = ALIGN (0x4)

.bss            0x20000000       0x1c load address 0x08000428
                0x20000000                _sbss = .
                0x20000000                __bss_start__ = _sbss
 *(.bss)
 .bss           0x20000000       0x1c c:/program files (x86)/gnu tools arm embedded/9 2019-q4-major/bin/../lib/gcc/arm-none-eabi/9.2.1/thumb/v7e-m+fp/hard/crtbegin.o
 *(.bss*)
 *(COMMON)
                0x2000001c                . = ALIGN (0x4)
                0x2000001c                _ebss = .
                0x2000001c                __bss_end__ = _ebss

._user_heap_stack
                0x2000001c      0x604 load address 0x08000428
                0x20000020                . = ALIGN (0x8)
 *fill*         0x2000001c        0x4 
                [!provide]                PROVIDE (end = .)
                [!provide]                PROVIDE (_end = .)
                0x20000220                . = (. + _Min_Heap_Size)
 *fill*         0x20000020      0x200 
                0x20000620                . = (. + _Min_Stack_Size)
 *fill*         0x20000220      0x400 
                0x20000620                . = ALIGN (0x8)

/DISCARD/
 libc.a(*)
 libm.a(*)
 libgcc.a(*)

.ARM.attributes
                0x00000000       0x30
 *(.ARM.attributes)
 .ARM.attributes
                0x00000000       0x1e c:/program files (x86)/gnu tools arm embedded/9 2019-q4-major/bin/../lib/gcc/arm-none-eabi/9.2.1/thumb/v7e-m+fp/hard/crti.o
 .ARM.attributes
                0x0000001e       0x34 c:/program files (x86)/gnu tools arm embedded/9 2019-q4-major/bin/../lib/gcc/arm-none-eabi/9.2.1/thumb/v7e-m+fp/hard/crtbegin.o
 .ARM.attributes
                0x00000052       0x34 main.obj
 .ARM.attributes
                0x00000086       0x34 src\stm32l4xx_it.obj
 .ARM.attributes
                0x000000ba       0x21 C:\Users\erhan\AppData\Local\Temp\cci6jz3a.o
 .ARM.attributes
                0x000000db       0x34 src\system_stm32l4xx.obj
 .ARM.attributes
                0x0000010f       0x34 c:/program files (x86)/gnu tools arm embedded/9 2019-q4-major/bin/../lib/gcc/arm-none-eabi/9.2.1/../../../../arm-none-eabi/lib/thumb/v7e-m+fp/hard\libc_nano.a(lib_a-init.o)
 .ARM.attributes
                0x00000143       0x1e c:/program files (x86)/gnu tools arm embedded/9 2019-q4-major/bin/../lib/gcc/arm-none-eabi/9.2.1/thumb/v7e-m+fp/hard/crtn.o
OUTPUT(main.elf elf32-littlearm)

.debug_info     0x00000000      0xd9d
 .debug_info    0x00000000      0x5b6 main.obj
 .debug_info    0x000005b6      0x1e1 src\stm32l4xx_it.obj
 .debug_info    0x00000797      0x606 src\system_stm32l4xx.obj

.debug_abbrev   0x00000000      0x3a9
 .debug_abbrev  0x00000000      0x1c5 main.obj
 .debug_abbrev  0x000001c5       0x99 src\stm32l4xx_it.obj
 .debug_abbrev  0x0000025e      0x14b src\system_stm32l4xx.obj

.debug_aranges  0x00000000       0xc8
 .debug_aranges
                0x00000000       0x40 main.obj
 .debug_aranges
                0x00000040       0x60 src\stm32l4xx_it.obj
 .debug_aranges
                0x000000a0       0x28 src\system_stm32l4xx.obj

.debug_ranges   0x00000000       0x98
 .debug_ranges  0x00000000       0x30 main.obj
 .debug_ranges  0x00000030       0x50 src\stm32l4xx_it.obj
 .debug_ranges  0x00000080       0x18 src\system_stm32l4xx.obj

.debug_line     0x00000000      0x6fb
 .debug_line    0x00000000      0x272 main.obj
 .debug_line    0x00000272      0x21d src\stm32l4xx_it.obj
 .debug_line    0x0000048f      0x26c src\system_stm32l4xx.obj

.debug_str      0x00000000      0x51d
 .debug_str     0x00000000      0x3c4 main.obj
                                0x41b (size before relaxing)
 .debug_str     0x000003c4       0xa3 src\stm32l4xx_it.obj
                                0x2a3 (size before relaxing)
 .debug_str     0x00000467       0xb6 src\system_stm32l4xx.obj
                                0x3ff (size before relaxing)

.comment        0x00000000       0x79
 .comment       0x00000000       0x79 main.obj
                                 0x7a (size before relaxing)
 .comment       0x00000079       0x7a src\stm32l4xx_it.obj
 .comment       0x00000079       0x7a src\system_stm32l4xx.obj

.debug_frame    0x00000000      0x254
 .debug_frame   0x00000000       0xc0 main.obj
 .debug_frame   0x000000c0      0x110 src\stm32l4xx_it.obj
 .debug_frame   0x000001d0       0x58 src\system_stm32l4xx.obj
 .debug_frame   0x00000228       0x2c c:/program files (x86)/gnu tools arm embedded/9 2019-q4-major/bin/../lib/gcc/arm-none-eabi/9.2.1/../../../../arm-none-eabi/lib/thumb/v7e-m+fp/hard\libc_nano.a(lib_a-init.o)

Cross Reference Table

Symbol                                            File
ADC1_2_IRQHandler                                 C:\Users\erhan\AppData\Local\Temp\cci6jz3a.o
ADC3_IRQHandler                                   C:\Users\erhan\AppData\Local\Temp\cci6jz3a.o
AHBPrescTable                                     src\system_stm32l4xx.obj
APBPrescTable                                     src\system_stm32l4xx.obj
BusFault_Handler                                  src\stm32l4xx_it.obj
CAN1_RX0_IRQHandler                               C:\Users\erhan\AppData\Local\Temp\cci6jz3a.o
CAN1_RX1_IRQHandler                               C:\Users\erhan\AppData\Local\Temp\cci6jz3a.o
CAN1_SCE_IRQHandler                               C:\Users\erhan\AppData\Local\Temp\cci6jz3a.o
CAN1_TX_IRQHandler                                C:\Users\erhan\AppData\Local\Temp\cci6jz3a.o
COMP_IRQHandler                                   C:\Users\erhan\AppData\Local\Temp\cci6jz3a.o
DFSDM1_FLT0_IRQHandler                            C:\Users\erhan\AppData\Local\Temp\cci6jz3a.o
DFSDM1_FLT1_IRQHandler                            C:\Users\erhan\AppData\Local\Temp\cci6jz3a.o
DFSDM1_FLT2_IRQHandler                            C:\Users\erhan\AppData\Local\Temp\cci6jz3a.o
DFSDM1_FLT3_IRQHandler                            C:\Users\erhan\AppData\Local\Temp\cci6jz3a.o
DMA1_Channel1_IRQHandler                          C:\Users\erhan\AppData\Local\Temp\cci6jz3a.o
DMA1_Channel2_IRQHandler                          C:\Users\erhan\AppData\Local\Temp\cci6jz3a.o
DMA1_Channel3_IRQHandler                          C:\Users\erhan\AppData\Local\Temp\cci6jz3a.o
DMA1_Channel4_IRQHandler                          C:\Users\erhan\AppData\Local\Temp\cci6jz3a.o
DMA1_Channel5_IRQHandler                          C:\Users\erhan\AppData\Local\Temp\cci6jz3a.o
DMA1_Channel6_IRQHandler                          C:\Users\erhan\AppData\Local\Temp\cci6jz3a.o
DMA1_Channel7_IRQHandler                          C:\Users\erhan\AppData\Local\Temp\cci6jz3a.o
DMA2_Channel1_IRQHandler                          C:\Users\erhan\AppData\Local\Temp\cci6jz3a.o
DMA2_Channel2_IRQHandler                          C:\Users\erhan\AppData\Local\Temp\cci6jz3a.o
DMA2_Channel3_IRQHandler                          C:\Users\erhan\AppData\Local\Temp\cci6jz3a.o
DMA2_Channel4_IRQHandler                          C:\Users\erhan\AppData\Local\Temp\cci6jz3a.o
DMA2_Channel5_IRQHandler                          C:\Users\erhan\AppData\Local\Temp\cci6jz3a.o
DMA2_Channel6_IRQHandler                          C:\Users\erhan\AppData\Local\Temp\cci6jz3a.o
DMA2_Channel7_IRQHandler                          C:\Users\erhan\AppData\Local\Temp\cci6jz3a.o
DebugMon_Handler                                  src\stm32l4xx_it.obj
Default_Handler                                   C:\Users\erhan\AppData\Local\Temp\cci6jz3a.o
EXTI0_IRQHandler                                  C:\Users\erhan\AppData\Local\Temp\cci6jz3a.o
EXTI15_10_IRQHandler                              C:\Users\erhan\AppData\Local\Temp\cci6jz3a.o
EXTI1_IRQHandler                                  C:\Users\erhan\AppData\Local\Temp\cci6jz3a.o
EXTI2_IRQHandler                                  C:\Users\erhan\AppData\Local\Temp\cci6jz3a.o
EXTI3_IRQHandler                                  C:\Users\erhan\AppData\Local\Temp\cci6jz3a.o
EXTI4_IRQHandler                                  C:\Users\erhan\AppData\Local\Temp\cci6jz3a.o
EXTI9_5_IRQHandler                                C:\Users\erhan\AppData\Local\Temp\cci6jz3a.o
FLASH_IRQHandler                                  C:\Users\erhan\AppData\Local\Temp\cci6jz3a.o
FMC_IRQHandler                                    C:\Users\erhan\AppData\Local\Temp\cci6jz3a.o
FPU_IRQHandler                                    C:\Users\erhan\AppData\Local\Temp\cci6jz3a.o
HardFault_Handler                                 src\stm32l4xx_it.obj
I2C1_ER_IRQHandler                                C:\Users\erhan\AppData\Local\Temp\cci6jz3a.o
I2C1_EV_IRQHandler                                C:\Users\erhan\AppData\Local\Temp\cci6jz3a.o
I2C2_ER_IRQHandler                                C:\Users\erhan\AppData\Local\Temp\cci6jz3a.o
I2C2_EV_IRQHandler                                C:\Users\erhan\AppData\Local\Temp\cci6jz3a.o
I2C3_ER_IRQHandler                                C:\Users\erhan\AppData\Local\Temp\cci6jz3a.o
I2C3_EV_IRQHandler                                C:\Users\erhan\AppData\Local\Temp\cci6jz3a.o
LCD_IRQHandler                                    C:\Users\erhan\AppData\Local\Temp\cci6jz3a.o
LPTIM1_IRQHandler                                 C:\Users\erhan\AppData\Local\Temp\cci6jz3a.o
LPTIM2_IRQHandler                                 C:\Users\erhan\AppData\Local\Temp\cci6jz3a.o
LPUART1_IRQHandler                                C:\Users\erhan\AppData\Local\Temp\cci6jz3a.o
MSIRangeTable                                     src\system_stm32l4xx.obj
MemManage_Handler                                 src\stm32l4xx_it.obj
NMI_Handler                                       src\stm32l4xx_it.obj
OTG_FS_IRQHandler                                 C:\Users\erhan\AppData\Local\Temp\cci6jz3a.o
PVD_PVM_IRQHandler                                C:\Users\erhan\AppData\Local\Temp\cci6jz3a.o
PendSV_Handler                                    src\stm32l4xx_it.obj
QUADSPI_IRQHandler                                C:\Users\erhan\AppData\Local\Temp\cci6jz3a.o
RCC_IRQHandler                                    C:\Users\erhan\AppData\Local\Temp\cci6jz3a.o
RNG_IRQHandler                                    C:\Users\erhan\AppData\Local\Temp\cci6jz3a.o
RTC_Alarm_IRQHandler                              C:\Users\erhan\AppData\Local\Temp\cci6jz3a.o
RTC_WKUP_IRQHandler                               C:\Users\erhan\AppData\Local\Temp\cci6jz3a.o
Reset_Handler                                     C:\Users\erhan\AppData\Local\Temp\cci6jz3a.o
SAI1_IRQHandler                                   C:\Users\erhan\AppData\Local\Temp\cci6jz3a.o
SAI2_IRQHandler                                   C:\Users\erhan\AppData\Local\Temp\cci6jz3a.o
SDMMC1_IRQHandler                                 C:\Users\erhan\AppData\Local\Temp\cci6jz3a.o
SPI1_IRQHandler                                   C:\Users\erhan\AppData\Local\Temp\cci6jz3a.o
SPI2_IRQHandler                                   C:\Users\erhan\AppData\Local\Temp\cci6jz3a.o
SPI3_IRQHandler                                   C:\Users\erhan\AppData\Local\Temp\cci6jz3a.o
SVC_Handler                                       src\stm32l4xx_it.obj
SWPMI1_IRQHandler                                 C:\Users\erhan\AppData\Local\Temp\cci6jz3a.o
SysTick_Handler                                   src\stm32l4xx_it.obj
SystemCoreClock                                   src\system_stm32l4xx.obj
SystemCoreClockUpdate                             src\system_stm32l4xx.obj
SystemInit                                        src\system_stm32l4xx.obj
                                                  C:\Users\erhan\AppData\Local\Temp\cci6jz3a.o
TAMP_STAMP_IRQHandler                             C:\Users\erhan\AppData\Local\Temp\cci6jz3a.o
TIM1_BRK_TIM15_IRQHandler                         C:\Users\erhan\AppData\Local\Temp\cci6jz3a.o
TIM1_CC_IRQHandler                                C:\Users\erhan\AppData\Local\Temp\cci6jz3a.o
TIM1_TRG_COM_TIM17_IRQHandler                     C:\Users\erhan\AppData\Local\Temp\cci6jz3a.o
TIM1_UP_TIM16_IRQHandler                          C:\Users\erhan\AppData\Local\Temp\cci6jz3a.o
TIM2_IRQHandler                                   C:\Users\erhan\AppData\Local\Temp\cci6jz3a.o
TIM3_IRQHandler                                   C:\Users\erhan\AppData\Local\Temp\cci6jz3a.o
TIM4_IRQHandler                                   C:\Users\erhan\AppData\Local\Temp\cci6jz3a.o
TIM5_IRQHandler                                   C:\Users\erhan\AppData\Local\Temp\cci6jz3a.o
TIM6_DAC_IRQHandler                               C:\Users\erhan\AppData\Local\Temp\cci6jz3a.o
TIM7_IRQHandler                                   C:\Users\erhan\AppData\Local\Temp\cci6jz3a.o
TIM8_BRK_IRQHandler                               C:\Users\erhan\AppData\Local\Temp\cci6jz3a.o
TIM8_CC_IRQHandler                                C:\Users\erhan\AppData\Local\Temp\cci6jz3a.o
TIM8_TRG_COM_IRQHandler                           C:\Users\erhan\AppData\Local\Temp\cci6jz3a.o
TIM8_UP_IRQHandler                                C:\Users\erhan\AppData\Local\Temp\cci6jz3a.o
TSC_IRQHandler                                    C:\Users\erhan\AppData\Local\Temp\cci6jz3a.o
UART4_IRQHandler                                  C:\Users\erhan\AppData\Local\Temp\cci6jz3a.o
UART5_IRQHandler                                  C:\Users\erhan\AppData\Local\Temp\cci6jz3a.o
USART1_IRQHandler                                 C:\Users\erhan\AppData\Local\Temp\cci6jz3a.o
USART2_IRQHandler                                 C:\Users\erhan\AppData\Local\Temp\cci6jz3a.o
USART3_IRQHandler                                 C:\Users\erhan\AppData\Local\Temp\cci6jz3a.o
UsageFault_Handler                                src\stm32l4xx_it.obj
WWDG_IRQHandler                                   C:\Users\erhan\AppData\Local\Temp\cci6jz3a.o
__bss_end__                                       c:/program files (x86)/gnu tools arm embedded/9 2019-q4-major/bin/../lib/gcc/arm-none-eabi/9.2.1/../../../../arm-none-eabi/lib/thumb/v7e-m+fp/hard/crt0.o
__bss_start__                                     c:/program files (x86)/gnu tools arm embedded/9 2019-q4-major/bin/../lib/gcc/arm-none-eabi/9.2.1/../../../../arm-none-eabi/lib/thumb/v7e-m+fp/hard/crt0.o
__call_exitprocs                                  c:/program files (x86)/gnu tools arm embedded/9 2019-q4-major/bin/../lib/gcc/arm-none-eabi/9.2.1/../../../../arm-none-eabi/lib/thumb/v7e-m+fp/hard\libc_nano.a(lib_a-exit.o)
__deregister_frame_info                           c:/program files (x86)/gnu tools arm embedded/9 2019-q4-major/bin/../lib/gcc/arm-none-eabi/9.2.1/thumb/v7e-m+fp/hard/crtbegin.o
__dso_handle                                      c:/program files (x86)/gnu tools arm embedded/9 2019-q4-major/bin/../lib/gcc/arm-none-eabi/9.2.1/thumb/v7e-m+fp/hard/crtbegin.o
__init_array_end                                  c:/program files (x86)/gnu tools arm embedded/9 2019-q4-major/bin/../lib/gcc/arm-none-eabi/9.2.1/../../../../arm-none-eabi/lib/thumb/v7e-m+fp/hard\libc_nano.a(lib_a-init.o)
__init_array_start                                c:/program files (x86)/gnu tools arm embedded/9 2019-q4-major/bin/../lib/gcc/arm-none-eabi/9.2.1/../../../../arm-none-eabi/lib/thumb/v7e-m+fp/hard\libc_nano.a(lib_a-init.o)
__libc_fini_array                                 c:/program files (x86)/gnu tools arm embedded/9 2019-q4-major/bin/../lib/gcc/arm-none-eabi/9.2.1/../../../../arm-none-eabi/lib/thumb/v7e-m+fp/hard/crt0.o
__libc_init_array                                 c:/program files (x86)/gnu tools arm embedded/9 2019-q4-major/bin/../lib/gcc/arm-none-eabi/9.2.1/../../../../arm-none-eabi/lib/thumb/v7e-m+fp/hard\libc_nano.a(lib_a-init.o)
                                                  C:\Users\erhan\AppData\Local\Temp\cci6jz3a.o
                                                  c:/program files (x86)/gnu tools arm embedded/9 2019-q4-major/bin/../lib/gcc/arm-none-eabi/9.2.1/../../../../arm-none-eabi/lib/thumb/v7e-m+fp/hard/crt0.o
__preinit_array_end                               c:/program files (x86)/gnu tools arm embedded/9 2019-q4-major/bin/../lib/gcc/arm-none-eabi/9.2.1/../../../../arm-none-eabi/lib/thumb/v7e-m+fp/hard\libc_nano.a(lib_a-init.o)
__preinit_array_start                             c:/program files (x86)/gnu tools arm embedded/9 2019-q4-major/bin/../lib/gcc/arm-none-eabi/9.2.1/../../../../arm-none-eabi/lib/thumb/v7e-m+fp/hard\libc_nano.a(lib_a-init.o)
__register_frame_info                             c:/program files (x86)/gnu tools arm embedded/9 2019-q4-major/bin/../lib/gcc/arm-none-eabi/9.2.1/thumb/v7e-m+fp/hard/crtbegin.o
__sf_fake_stderr                                  c:/program files (x86)/gnu tools arm embedded/9 2019-q4-major/bin/../lib/gcc/arm-none-eabi/9.2.1/../../../../arm-none-eabi/lib/thumb/v7e-m+fp/hard\libc_nano.a(lib_a-impure.o)
__sf_fake_stdin                                   c:/program files (x86)/gnu tools arm embedded/9 2019-q4-major/bin/../lib/gcc/arm-none-eabi/9.2.1/../../../../arm-none-eabi/lib/thumb/v7e-m+fp/hard\libc_nano.a(lib_a-impure.o)
__sf_fake_stdout                                  c:/program files (x86)/gnu tools arm embedded/9 2019-q4-major/bin/../lib/gcc/arm-none-eabi/9.2.1/../../../../arm-none-eabi/lib/thumb/v7e-m+fp/hard\libc_nano.a(lib_a-impure.o)
__stack                                           c:/program files (x86)/gnu tools arm embedded/9 2019-q4-major/bin/../lib/gcc/arm-none-eabi/9.2.1/../../../../arm-none-eabi/lib/thumb/v7e-m+fp/hard/crt0.o
_ebss                                             C:\Users\erhan\AppData\Local\Temp\cci6jz3a.o
_edata                                            C:\Users\erhan\AppData\Local\Temp\cci6jz3a.o
_estack                                           C:\Users\erhan\AppData\Local\Temp\cci6jz3a.o
_exit                                             c:/program files (x86)/gnu tools arm embedded/9 2019-q4-major/bin/../lib/gcc/arm-none-eabi/9.2.1/../../../../arm-none-eabi/lib/thumb/v7e-m+fp/hard\libnosys.a(_exit.o)
                                                  c:/program files (x86)/gnu tools arm embedded/9 2019-q4-major/bin/../lib/gcc/arm-none-eabi/9.2.1/../../../../arm-none-eabi/lib/thumb/v7e-m+fp/hard\libc_nano.a(lib_a-exit.o)
_fini                                             c:/program files (x86)/gnu tools arm embedded/9 2019-q4-major/bin/../lib/gcc/arm-none-eabi/9.2.1/thumb/v7e-m+fp/hard/crti.o
_global_impure_ptr                                c:/program files (x86)/gnu tools arm embedded/9 2019-q4-major/bin/../lib/gcc/arm-none-eabi/9.2.1/../../../../arm-none-eabi/lib/thumb/v7e-m+fp/hard\libc_nano.a(lib_a-impure.o)
                                                  c:/program files (x86)/gnu tools arm embedded/9 2019-q4-major/bin/../lib/gcc/arm-none-eabi/9.2.1/../../../../arm-none-eabi/lib/thumb/v7e-m+fp/hard\libc_nano.a(lib_a-exit.o)
_impure_ptr                                       c:/program files (x86)/gnu tools arm embedded/9 2019-q4-major/bin/../lib/gcc/arm-none-eabi/9.2.1/../../../../arm-none-eabi/lib/thumb/v7e-m+fp/hard\libc_nano.a(lib_a-impure.o)
_init                                             c:/program files (x86)/gnu tools arm embedded/9 2019-q4-major/bin/../lib/gcc/arm-none-eabi/9.2.1/thumb/v7e-m+fp/hard/crti.o
                                                  c:/program files (x86)/gnu tools arm embedded/9 2019-q4-major/bin/../lib/gcc/arm-none-eabi/9.2.1/../../../../arm-none-eabi/lib/thumb/v7e-m+fp/hard\libc_nano.a(lib_a-init.o)
_mainCRTStartup                                   c:/program files (x86)/gnu tools arm embedded/9 2019-q4-major/bin/../lib/gcc/arm-none-eabi/9.2.1/../../../../arm-none-eabi/lib/thumb/v7e-m+fp/hard/crt0.o
_sbss                                             C:\Users\erhan\AppData\Local\Temp\cci6jz3a.o
_sdata                                            C:\Users\erhan\AppData\Local\Temp\cci6jz3a.o
_sidata                                           C:\Users\erhan\AppData\Local\Temp\cci6jz3a.o
_start                                            c:/program files (x86)/gnu tools arm embedded/9 2019-q4-major/bin/../lib/gcc/arm-none-eabi/9.2.1/../../../../arm-none-eabi/lib/thumb/v7e-m+fp/hard/crt0.o
assert_failed                                     main.obj
atexit                                            c:/program files (x86)/gnu tools arm embedded/9 2019-q4-major/bin/../lib/gcc/arm-none-eabi/9.2.1/../../../../arm-none-eabi/lib/thumb/v7e-m+fp/hard/crt0.o
exit                                              c:/program files (x86)/gnu tools arm embedded/9 2019-q4-major/bin/../lib/gcc/arm-none-eabi/9.2.1/../../../../arm-none-eabi/lib/thumb/v7e-m+fp/hard\libc_nano.a(lib_a-exit.o)
                                                  c:/program files (x86)/gnu tools arm embedded/9 2019-q4-major/bin/../lib/gcc/arm-none-eabi/9.2.1/../../../../arm-none-eabi/lib/thumb/v7e-m+fp/hard/crt0.o
g_pfnVectors                                      C:\Users\erhan\AppData\Local\Temp\cci6jz3a.o
hardware_init_hook                                c:/program files (x86)/gnu tools arm embedded/9 2019-q4-major/bin/../lib/gcc/arm-none-eabi/9.2.1/../../../../arm-none-eabi/lib/thumb/v7e-m+fp/hard/crt0.o
main                                              main.obj
                                                  C:\Users\erhan\AppData\Local\Temp\cci6jz3a.o
                                                  c:/program files (x86)/gnu tools arm embedded/9 2019-q4-major/bin/../lib/gcc/arm-none-eabi/9.2.1/../../../../arm-none-eabi/lib/thumb/v7e-m+fp/hard/crt0.o
memset                                            c:/program files (x86)/gnu tools arm embedded/9 2019-q4-major/bin/../lib/gcc/arm-none-eabi/9.2.1/../../../../arm-none-eabi/lib/thumb/v7e-m+fp/hard\libc_nano.a(lib_a-memset.o)
                                                  c:/program files (x86)/gnu tools arm embedded/9 2019-q4-major/bin/../lib/gcc/arm-none-eabi/9.2.1/../../../../arm-none-eabi/lib/thumb/v7e-m+fp/hard/crt0.o
software_init_hook                                c:/program files (x86)/gnu tools arm embedded/9 2019-q4-major/bin/../lib/gcc/arm-none-eabi/9.2.1/../../../../arm-none-eabi/lib/thumb/v7e-m+fp/hard/crt0.o
